python@ubuntu:~$ cd
python@ubuntu:~$ ls
1-2    Desktop    dump.rdb          Pictures  Templates
1-2.c  Documents  examples.desktop  practice  Videos
dbs    Downloads  Music             Public    workspace
python@ubuntu:~$ vi 1-2.c
python@ubuntu:~$ ./1-2.c
bash: ./1-2.c: 权限不够
python@ubuntu:~$ gcc 1-2.c -0 1-2
gcc: error: unrecognized command line option ‘-0’
python@ubuntu:~$ gcc 1-2.c -o 1-2
1-2.c:4:22: fatal error: sys/type.h: 没有那个文件或目录
compilation terminated.
python@ubuntu:~$ vi 1-2.c
python@ubuntu:~$ gcc 1-2.c -o 1-2
python@ubuntu:~$ ./1-2
Hello shabi!
python@ubuntu:~$ cat 1-2.c
#include <stdio.h>
#include <stdlib.h>
#include <unistd.h>
#include <sys/types.h>
#include <fcntl.h>
#include <sys/stat.h>
int main()
{
    int ret;
    ret=write(1,"Hello shabi!\n",13);
    exit(0);
}
python@ubuntu:~$ time 1-2
1-2：未找到命令

real	0m0.679s
user	0m0.064s
sys	0m0.120s
python@ubuntu:~$ echo $PATH
/usr/local/sbin:/usr/local/bin:/usr/sbin:/usr/bin:/sbin:/bin:/usr/games:/usr/local/games:/snap/bin:/home/python/Downloads/node-v6.1.0-linux-x64/bin
python@ubuntu:~$ ./1-2
Hello shabi!
python@ubuntu:~$ vim 1-2.c
python@ubuntu:~$ vi 1-2.c
python@ubuntu:~$ vi 1-2.c
python@ubuntu:~$ gcc 1-2.c -o 1-2
python@ubuntu:~$ ./1-2
2-2 is running!
Hello shabi!
已终止

python@ubuntu:~$ ps
   PID TTY          TIME CMD
  6263 pts/4    00:00:00 bash
  6296 pts/4    00:00:00 ps
python@ubuntu:~$ ps
   PID TTY          TIME CMD
  6263 pts/4    00:00:00 bash
  6304 pts/4    00:00:00 ps
python@ubuntu:~$ ps -ef
UID         PID   PPID  C STIME TTY          TIME CMD
root          1      0  0 15:42 ?        00:00:02 /sbin/init auto noprompt
root          2      0  0 15:42 ?        00:00:00 [kthreadd]
root          3      2  0 15:42 ?        00:00:00 [ksoftirqd/0]
root          5      2  0 15:42 ?        00:00:00 [kworker/0:0H]
root          7      2  0 15:42 ?        00:00:01 [rcu_sched]
root          8      2  0 15:42 ?        00:00:00 [rcu_bh]
root          9      2  0 15:42 ?        00:00:00 [migration/0]
root         10      2  0 15:42 ?        00:00:00 [watchdog/0]
root         11      2  0 15:42 ?        00:00:00 [kdevtmpfs]
root         12      2  0 15:42 ?        00:00:00 [netns]
root         13      2  0 15:42 ?        00:00:00 [perf]
root         14      2  0 15:42 ?        00:00:00 [khungtaskd]
root         15      2  0 15:42 ?        00:00:00 [writeback]
root         16      2  0 15:42 ?        00:00:00 [ksmd]
root         17      2  0 15:42 ?        00:00:05 [khugepaged]
root         18      2  0 15:42 ?        00:00:00 [crypto]
root         19      2  0 15:42 ?        00:00:00 [kintegrityd]
root         20      2  0 15:42 ?        00:00:00 [bioset]
root         21      2  0 15:42 ?        00:00:00 [kblockd]
root         22      2  0 15:42 ?        00:00:00 [ata_sff]
root         23      2  0 15:42 ?        00:00:00 [md]
root         24      2  0 15:42 ?        00:00:00 [devfreq_wq]
root         28      2  0 15:42 ?        00:00:00 [kswapd0]
root         29      2  0 15:42 ?        00:00:00 [vmstat]
root         30      2  0 15:42 ?        00:00:00 [fsnotify_mark]
root         31      2  0 15:42 ?        00:00:00 [ecryptfs-kthrea]
root         47      2  0 15:42 ?        00:00:00 [kthrotld]
root         48      2  0 15:42 ?        00:00:00 [acpi_thermal_pm]
root         49      2  0 15:42 ?        00:00:00 [bioset]
root         50      2  0 15:42 ?        00:00:00 [bioset]
root         51      2  0 15:42 ?        00:00:00 [bioset]
root         52      2  0 15:42 ?        00:00:00 [bioset]
root         53      2  0 15:42 ?        00:00:00 [bioset]
root         54      2  0 15:42 ?        00:00:00 [bioset]
root         55      2  0 15:42 ?        00:00:00 [bioset]
root         56      2  0 15:42 ?        00:00:00 [bioset]
root         57      2  0 15:42 ?        00:00:00 [bioset]
root         58      2  0 15:42 ?        00:00:00 [bioset]
root         59      2  0 15:42 ?        00:00:00 [bioset]
root         60      2  0 15:42 ?        00:00:00 [bioset]
root         61      2  0 15:42 ?        00:00:00 [bioset]
root         62      2  0 15:42 ?        00:00:00 [bioset]
root         63      2  0 15:42 ?        00:00:00 [bioset]
root         64      2  0 15:42 ?        00:00:00 [bioset]
root         65      2  0 15:42 ?        00:00:00 [bioset]
root         66      2  0 15:42 ?        00:00:00 [bioset]
root         67      2  0 15:42 ?        00:00:00 [bioset]
root         68      2  0 15:42 ?        00:00:00 [bioset]
root         69      2  0 15:42 ?        00:00:00 [bioset]
root         70      2  0 15:42 ?        00:00:00 [bioset]
root         71      2  0 15:42 ?        00:00:00 [bioset]
root         72      2  0 15:42 ?        00:00:00 [bioset]
root         73      2  0 15:42 ?        00:00:00 [scsi_eh_0]
root         74      2  0 15:42 ?        00:00:00 [scsi_tmf_0]
root         75      2  0 15:42 ?        00:00:00 [scsi_eh_1]
root         76      2  0 15:42 ?        00:00:00 [scsi_tmf_1]
root         81      2  0 15:42 ?        00:00:00 [ipv6_addrconf]
root         96      2  0 15:42 ?        00:00:00 [deferwq]
root         97      2  0 15:42 ?        00:00:00 [charger_manager]
root        349      2  0 15:42 ?        00:00:00 [bioset]
root        357      2  0 15:42 ?        00:00:00 [bioset]
root        360      2  0 15:42 ?        00:00:00 [bioset]
root        361      2  0 15:42 ?        00:00:00 [bioset]
root        363      2  0 15:42 ?        00:00:00 [bioset]
root        372      2  0 15:42 ?        00:00:00 [bioset]
root        374      2  0 15:42 ?        00:00:00 [bioset]
root        378      2  0 15:42 ?        00:00:00 [bioset]
root        743      2  0 15:42 ?        00:00:00 [mpt_poll_0]
root        744      2  0 15:42 ?        00:00:00 [mpt/0]
root        859      2  0 15:42 ?        00:00:00 [scsi_eh_2]
root        860      2  0 15:42 ?        00:00:00 [scsi_tmf_2]
root        891      2  0 15:42 ?        00:00:00 [kpsmoused]
root        913      2  0 15:42 ?        00:00:00 [bioset]
root        914      2  0 15:42 ?        00:00:00 [ttm_swap]
root       1370      2  0 15:42 ?        00:00:00 [scsi_eh_3]
root       1371      2  0 15:42 ?        00:00:00 [scsi_tmf_3]
root       1372      2  0 15:42 ?        00:00:00 [scsi_eh_4]
root       1373      2  0 15:42 ?        00:00:00 [scsi_tmf_4]
root       1374      2  0 15:42 ?        00:00:00 [scsi_eh_5]
root       1375      2  0 15:42 ?        00:00:00 [scsi_tmf_5]
root       1376      2  0 15:42 ?        00:00:00 [scsi_eh_6]
root       1377      2  0 15:42 ?        00:00:00 [scsi_tmf_6]
root       1378      2  0 15:42 ?        00:00:00 [scsi_eh_7]
root       1379      2  0 15:42 ?        00:00:00 [scsi_tmf_7]
root       1380      2  0 15:42 ?        00:00:00 [scsi_eh_8]
root       1381      2  0 15:42 ?        00:00:00 [scsi_tmf_8]
root       1382      2  0 15:42 ?        00:00:00 [scsi_eh_9]
root       1383      2  0 15:42 ?        00:00:00 [scsi_tmf_9]
root       1384      2  0 15:42 ?        00:00:00 [scsi_eh_10]
root       1385      2  0 15:42 ?        00:00:00 [scsi_tmf_10]
root       1386      2  0 15:42 ?        00:00:00 [scsi_eh_11]
root       1387      2  0 15:42 ?        00:00:00 [scsi_tmf_11]
root       1388      2  0 15:42 ?        00:00:00 [scsi_eh_12]
root       1389      2  0 15:42 ?        00:00:00 [scsi_tmf_12]
root       1390      2  0 15:42 ?        00:00:00 [scsi_eh_13]
root       1391      2  0 15:42 ?        00:00:00 [scsi_tmf_13]
root       1392      2  0 15:42 ?        00:00:00 [scsi_eh_14]
root       1393      2  0 15:42 ?        00:00:00 [scsi_tmf_14]
root       1394      2  0 15:42 ?        00:00:00 [scsi_eh_15]
root       1395      2  0 15:42 ?        00:00:00 [scsi_tmf_15]
root       1396      2  0 15:42 ?        00:00:00 [scsi_eh_16]
root       1397      2  0 15:42 ?        00:00:00 [scsi_tmf_16]
root       1398      2  0 15:42 ?        00:00:00 [scsi_eh_17]
root       1399      2  0 15:42 ?        00:00:00 [scsi_tmf_17]
root       1400      2  0 15:42 ?        00:00:00 [scsi_eh_18]
root       1401      2  0 15:42 ?        00:00:00 [scsi_tmf_18]
root       1402      2  0 15:42 ?        00:00:00 [scsi_eh_19]
root       1403      2  0 15:42 ?        00:00:00 [scsi_tmf_19]
root       1404      2  0 15:42 ?        00:00:00 [scsi_eh_20]
root       1405      2  0 15:42 ?        00:00:00 [scsi_tmf_20]
root       1406      2  0 15:42 ?        00:00:00 [scsi_eh_21]
root       1407      2  0 15:42 ?        00:00:00 [scsi_tmf_21]
root       1408      2  0 15:42 ?        00:00:00 [scsi_eh_22]
root       1409      2  0 15:42 ?        00:00:00 [scsi_tmf_22]
root       1410      2  0 15:42 ?        00:00:00 [scsi_eh_23]
root       1411      2  0 15:42 ?        00:00:00 [scsi_tmf_23]
root       1412      2  0 15:42 ?        00:00:00 [scsi_eh_24]
root       1413      2  0 15:42 ?        00:00:00 [scsi_tmf_24]
root       1414      2  0 15:42 ?        00:00:00 [scsi_eh_25]
root       1415      2  0 15:42 ?        00:00:00 [scsi_tmf_25]
root       1416      2  0 15:42 ?        00:00:00 [scsi_eh_26]
root       1417      2  0 15:42 ?        00:00:00 [scsi_tmf_26]
root       1418      2  0 15:42 ?        00:00:00 [scsi_eh_27]
root       1419      2  0 15:42 ?        00:00:00 [scsi_tmf_27]
root       1420      2  0 15:42 ?        00:00:00 [scsi_eh_28]
root       1421      2  0 15:42 ?        00:00:00 [scsi_tmf_28]
root       1422      2  0 15:42 ?        00:00:00 [scsi_eh_29]
root       1423      2  0 15:42 ?        00:00:00 [scsi_tmf_29]
root       1424      2  0 15:42 ?        00:00:00 [scsi_eh_30]
root       1425      2  0 15:42 ?        00:00:00 [scsi_tmf_30]
root       1426      2  0 15:42 ?        00:00:00 [scsi_eh_31]
root       1427      2  0 15:42 ?        00:00:00 [scsi_tmf_31]
root       1428      2  0 15:42 ?        00:00:00 [scsi_eh_32]
root       1429      2  0 15:42 ?        00:00:00 [scsi_tmf_32]
root       1453      2  0 15:42 ?        00:00:00 [kworker/u256:27]
root       1462      2  0 15:42 ?        00:00:00 [bioset]
root       1463      2  0 15:42 ?        00:00:00 [bioset]
root       1636      2  0 15:42 ?        00:00:00 [kworker/0:1H]
root       1670      2  0 15:42 ?        00:00:00 [jbd2/sda1-8]
root       1671      2  0 15:42 ?        00:00:00 [ext4-rsv-conver]
root       1705      2  0 15:42 ?        00:00:00 [kauditd]
root       1724      1  0 15:42 ?        00:00:00 /lib/systemd/systemd-journald
root       1750      2  0 15:42 ?        00:00:00 [rpciod]
root       1757      1  0 15:42 ?        00:00:01 /lib/systemd/systemd-udevd
root       2341      1  0 15:42 ?        00:00:00 /usr/sbin/rpc.idmapd
systemd+   2579      1  0 15:42 ?        00:00:00 /lib/systemd/systemd-timesyncd
root       3334      2  0 15:42 ?        00:00:00 [kworker/u257:0]
root       3335      2  0 15:42 ?        00:00:00 [hci0]
root       3339      2  0 15:42 ?        00:00:00 [hci0]
root       3342      2  0 15:42 ?        00:00:00 [kworker/u257:2]
root       4000      1  0 15:42 ?        00:00:00 /usr/sbin/vmware-vmblock-fuse 
root       4019      1  0 15:42 ?        00:00:01 /usr/sbin/vmtoolsd
root       4028      1  0 15:42 ?        00:00:00 /sbin/rpcbind -f -w
root       4034      1  0 15:42 ?        00:00:00 /usr/sbin/cron -f
message+   4035      1  0 15:42 ?        00:00:00 /usr/bin/dbus-daemon --system 
avahi      4055      1  0 15:42 ?        00:00:00 avahi-daemon: running [ubuntu.
root       4059      1  0 15:42 ?        00:00:00 /usr/lib/bluetooth/bluetoothd
root       4061      1  0 15:42 ?        00:00:00 /usr/lib/accountsservice/accou
syslog     4063      1  0 15:42 ?        00:00:00 /usr/sbin/rsyslogd -n
root       4069      1  0 15:42 ?        00:00:00 /lib/systemd/systemd-logind
whoopsie   4075      1  0 15:42 ?        00:00:00 /usr/bin/whoopsie -f
root       4079      1  0 15:42 ?        00:00:00 /usr/sbin/acpid
root       4084      1  0 15:42 ?        00:00:00 /usr/lib/snapd/snapd
root       4088      1  0 15:42 ?        00:00:00 /usr/sbin/ModemManager
root       4097      1  0 15:42 ?        00:00:00 /usr/sbin/NetworkManager --no-
avahi      4113   4055  0 15:42 ?        00:00:00 avahi-daemon: chroot helper
root       4114      1  0 15:42 ?        00:00:00 /usr/sbin/cups-browsed
root       4143      1  0 15:42 ?        00:00:00 /usr/lib/policykit-1/polkitd -
root       4210      1  0 15:42 ?        00:00:00 /usr/sbin/sshd -D
root       4217      1  0 15:42 ?        00:00:00 /usr/sbin/vsftpd /etc/vsftpd.c
colord     4220      1  0 15:42 ?        00:00:00 /usr/lib/colord/colord
root       4240      1  0 15:42 ?        00:00:00 /usr/sbin/rpc.mountd --manage-
mysql      4241      1  0 15:42 ?        00:00:01 /usr/sbin/mysqld
redis      4252      1  0 15:42 ?        00:00:01 /usr/bin/redis-server 127.0.0.
root       4263      2  0 15:42 ?        00:00:00 [nfsd4_callbacks]
root       4264      2  0 15:42 ?        00:00:00 [lockd]
root       4268      2  0 15:42 ?        00:00:00 [nfsd]
root       4269      2  0 15:42 ?        00:00:00 [nfsd]
root       4270      2  0 15:42 ?        00:00:00 [nfsd]
root       4271      2  0 15:42 ?        00:00:00 [nfsd]
root       4272      2  0 15:42 ?        00:00:00 [nfsd]
root       4273      2  0 15:42 ?        00:00:00 [nfsd]
root       4274      2  0 15:42 ?        00:00:00 [nfsd]
root       4275      2  0 15:42 ?        00:00:00 [nfsd]
postgres   4333      1  0 15:42 ?        00:00:00 /usr/lib/postgresql/9.5/bin/po
root       4340      1  0 15:42 ?        00:00:00 /usr/sbin/lightdm
root       4363   4340  0 15:42 tty7     00:00:13 /usr/lib/xorg/Xorg -core :0 -s
postgres   4376   4333  0 15:42 ?        00:00:00 postgres: checkpointer process
postgres   4377   4333  0 15:42 ?        00:00:00 postgres: writer process   
postgres   4378   4333  0 15:42 ?        00:00:00 postgres: wal writer process  
postgres   4379   4333  0 15:42 ?        00:00:00 postgres: autovacuum launcher 
postgres   4380   4333  0 15:42 ?        00:00:00 postgres: stats collector proc
nobody     4388   4097  0 15:42 ?        00:00:00 /usr/sbin/dnsmasq --no-resolv 
root       4657      1  0 15:42 tty1     00:00:00 /sbin/agetty --noclear tty1 li
root       4762   4340  0 15:42 ?        00:00:00 lightdm --session-child 12 19
rtkit      4844      1  0 15:42 ?        00:00:00 /usr/lib/rtkit/rtkit-daemon
root       4862      2  0 15:42 ?        00:00:00 [krfcommd]
root       4868      1  0 15:42 ?        00:00:00 /usr/lib/upower/upowerd
python     4899      1  0 15:42 ?        00:00:00 /lib/systemd/systemd --user
python     4900   4899  0 15:42 ?        00:00:00 (sd-pam)
python     4908      1  0 15:42 ?        00:00:00 /usr/bin/gnome-keyring-daemon 
python     4926   4762  0 15:42 ?        00:00:00 /sbin/upstart --user
python     5025   4926  0 15:43 ?        00:00:00 upstart-udev-bridge --daemon -
python     5026   4926  0 15:43 ?        00:00:01 dbus-daemon --fork --session -
python     5038   4926  0 15:43 ?        00:00:00 /usr/lib/x86_64-linux-gnu/hud/
python     5065   4926  0 15:43 ?        00:00:00 upstart-dbus-bridge --daemon -
python     5066   4926  0 15:43 ?        00:00:00 upstart-dbus-bridge --daemon -
python     5068   4926  0 15:43 ?        00:00:03 /usr/bin/fcitx
python     5071   4926  0 15:43 ?        00:00:00 upstart-file-bridge --daemon -
python     5086   4926  0 15:43 ?        00:00:00 gpg-agent --homedir /home/pyth
python     5093   4926  0 15:43 ?        00:00:00 /usr/lib/x86_64-linux-gnu/bamf
python     5099   4926  0 15:43 ?        00:00:00 /usr/bin/dbus-daemon --fork --
python     5103   4926  0 15:43 ?        00:00:00 /usr/bin/fcitx-dbus-watcher un
python     5113   4926  0 15:43 ?        00:00:00 /usr/lib/x86_64-linux-gnu/hud/
python     5115   4926  0 15:43 ?        00:00:00 /usr/lib/unity-settings-daemon
python     5121   4926  0 15:43 ?        00:00:00 /usr/lib/at-spi2-core/at-spi-b
python     5122   4926  0 15:43 ?        00:00:00 /usr/lib/gnome-session/gnome-s
python     5129   5121  0 15:43 ?        00:00:00 /usr/bin/dbus-daemon --config-
python     5132   4926  0 15:43 ?        00:00:00 /usr/lib/x86_64-linux-gnu/unit
python     5133   4926  1 15:43 ?        00:00:21 compiz
python     5142   4926  0 15:43 ?        00:00:00 /usr/lib/at-spi2-core/at-spi2-
python     5149   4926  0 15:43 ?        00:00:00 /usr/lib/gvfs/gvfsd
python     5156   4926  0 15:43 ?        00:00:00 /usr/lib/gvfs/gvfsd-fuse /run/
python     5187   4926  0 15:43 ?        00:00:00 /usr/lib/dconf/dconf-service
python     5192   4926  0 15:43 ?        00:00:00 /usr/lib/x86_64-linux-gnu/indi
python     5195   4926  0 15:43 ?        00:00:00 /usr/lib/x86_64-linux-gnu/indi
python     5201   4926  0 15:43 ?        00:00:00 /usr/lib/x86_64-linux-gnu/indi
python     5202   4926  0 15:43 ?        00:00:00 /usr/lib/x86_64-linux-gnu/indi
python     5204   4926  0 15:43 ?        00:00:00 /usr/lib/x86_64-linux-gnu/indi
python     5205   4926  0 15:43 ?        00:00:00 /usr/lib/x86_64-linux-gnu/indi
python     5206   4926  0 15:43 ?        00:00:00 /usr/lib/x86_64-linux-gnu/indi
python     5211   4926  0 15:43 ?        00:00:00 /usr/lib/x86_64-linux-gnu/indi
python     5232   4926  0 15:43 ?        00:00:00 /usr/bin/pulseaudio --start --
python     5247   4926  0 15:43 ?        00:00:00 /usr/lib/evolution/evolution-s
python     5249   4926  0 15:43 ?        00:00:00 /usr/lib/x86_64-linux-gnu/indi
python     5283   5122  0 15:43 ?        00:00:09 /usr/bin/gnome-software --gapp
python     5285   5122  0 15:43 ?        00:00:00 nm-applet
python     5286   5122  0 15:43 ?        00:00:04 nautilus -n
python     5288   5122  0 15:43 ?        00:00:00 /usr/lib/unity-settings-daemon
python     5295   5122  0 15:43 ?        00:00:00 /usr/lib/policykit-1-gnome/pol
python     5298   4926  0 15:43 ?        00:00:01 /usr/lib/vmware-tools/sbin64/v
python     5320   4926  0 15:43 ?        00:00:00 /usr/lib/gvfs/gvfs-udisks2-vol
root       5323      1  0 15:43 ?        00:00:00 /usr/lib/udisks2/udisksd --no-
python     5335   4926  0 15:43 ?        00:00:00 /usr/lib/gvfs/gvfs-afc-volume-
python     5344   4926  0 15:43 ?        00:00:00 /usr/lib/gvfs/gvfs-gphoto2-vol
python     5353   4926  0 15:43 ?        00:00:00 /usr/lib/gvfs/gvfs-mtp-volume-
python     5358   4926  0 15:43 ?        00:00:00 /usr/lib/gvfs/gvfs-goa-volume-
python     5366   4926  0 15:43 ?        00:00:00 /usr/lib/evolution/evolution-c
python     5370   4926  0 15:43 ?        00:00:00 /usr/lib/x86_64-linux-gnu/noti
python     5373   4926  0 15:43 ?        00:00:00 /usr/lib/x86_64-linux-gnu/gcon
root       5379      1  0 15:43 ?        00:00:00 /usr/lib/x86_64-linux-gnu/fwup
python     5399   4926  0 15:43 ?        00:00:00 /usr/lib/gvfs/gvfsd-trash --sp
python     5414   4926  0 15:43 ?        00:00:04 sogou-qimpanel
python     5480   5122  0 15:43 ?        00:00:00 zeitgeist-datahub
python     5481   5366  0 15:43 ?        00:00:01 /usr/lib/evolution/evolution-c
python     5497   4926  0 15:43 ?        00:00:00 /bin/sh -c /usr/lib/x86_64-lin
python     5502   5497  0 15:43 ?        00:00:00 /usr/bin/zeitgeist-daemon
python     5509   4926  0 15:43 ?        00:00:00 /usr/lib/x86_64-linux-gnu/zeit
python     5555   4926  0 15:43 ?        00:00:00 sogou-qimpanel-watchdog
python     5560   5366  0 15:43 ?        00:00:00 /usr/lib/evolution/evolution-c
python     5605   4926  0 15:43 ?        00:00:00 /usr/lib/evolution/evolution-a
python     5621   5605  0 15:43 ?        00:00:00 /usr/lib/evolution/evolution-a
python     5744   5122  0 15:44 ?        00:00:01 update-notifier
python     5766   4926  0 15:44 ?        00:00:04 /usr/lib/gnome-terminal/gnome-
python     5772   5766  0 15:44 pts/2    00:00:00 bash
python     5810   4926  0 15:44 ?        00:00:13 /usr/bin/python3 /usr/bin/upda
python     5851   5122  0 15:45 ?        00:00:00 /usr/lib/x86_64-linux-gnu/deja
root       5920      2  0 15:54 ?        00:00:00 [kworker/u256:0]
root       5948      2  0 15:57 ?        00:00:00 [kworker/0:2]
python     5955   4926  0 15:58 ?        00:00:00 /usr/lib/x86_64-linux-gnu/unit
python     5977   4926  0 15:58 ?        00:00:00 /usr/bin/unity-scope-loader ap
python     5978   4926  0 15:58 ?        00:00:00 /usr/lib/x86_64-linux-gnu/unit
python     6028   4926  0 15:59 ?        00:00:00 /usr/lib/x86_64-linux-gnu/unit
python     6074   4926  0 15:59 ?        00:00:00 /usr/lib/gvfs/gvfsd-network --
python     6102   4926  0 15:59 ?        00:00:00 /usr/lib/gvfs/gvfsd-metadata
python     6127   4926  0 15:59 ?        00:00:00 /usr/lib/gvfs/gvfsd-recent --s
python     6135   4926  0 15:59 ?        00:00:00 /usr/lib/gvfs/gvfsd-dnssd --sp
root       6200   4097  0 16:04 ?        00:00:00 /sbin/dhclient -d -q -sf /usr/
root       6220      2  0 16:05 ?        00:00:00 [kworker/0:0]
python     6263   5766  0 16:14 pts/4    00:00:00 bash
python     6302   5772  0 16:15 pts/2    00:00:00 ./1-2
python     6305   6263  0 16:15 pts/4    00:00:00 ps -ef
python@ubuntu:~$ kill 6302
python@ubuntu:~$ #include <sys/types.h>
